2026-09-19 17:33:45,791 [INFO] ======================================================================
2026-09-19 17:33:45,791 [INFO]   ⚓ AsFT (full-parameter) — alignment-direction subspace penalty
2026-09-19 17:33:45,791 [INFO] ======================================================================
2026-09-19 17:33:45,791 [INFO] Log file: logs/asft_full_20260919_173345.log
2026-09-19 17:33:45,791 [INFO]    ├─ start / aligned (W₀) : /NHNHOME/26msit001_A/BASE/edge_ai_lab/minseong/.tmp/tgt_smoke_712766/aligned
2026-09-19 17:33:45,791 [INFO]    ├─ base (for V)         : /NHNHOME/26msit001_A/BASE/edge_ai_lab/minseong/.tmp/tgt_smoke_712766/base
2026-09-19 17:33:45,791 [INFO]    ├─ Input formatting     : base plain prompt
2026-09-19 17:33:45,791 [INFO]    ├─ λ = 1.0   targets = ['q_proj', 'k_proj', 'v_proj', 'up_proj', 'down_proj']
2026-09-19 17:33:45,791 [INFO]    ├─ Downstream           : /NHNHOME/26msit001_A/BASE/edge_ai_lab/minseong/.tmp/tgt_smoke_712766/task.json
2026-09-19 17:33:45,791 [INFO]    ├─ lr 0.0001  epochs 1.0  eff.batch 4  wd 0.01
2026-09-19 17:33:45,791 [INFO]    └─ Output               : /NHNHOME/26msit001_A/BASE/edge_ai_lab/minseong/.tmp/tgt_smoke_712766/o_asft
2026-09-19 17:33:45,791 [INFO] [1/4] 토크나이저 로드
2026-09-19 17:33:45,878 [INFO] [2/4] 모델 로드 + alignment direction 구성
2026-09-19 17:33:46,823 [INFO] [AsFT] loading base   : /NHNHOME/26msit001_A/BASE/edge_ai_lab/minseong/.tmp/tgt_smoke_712766/base (dtype=torch.float32)
2026-09-19 17:33:46,942 [INFO] [AsFT] loading aligned: /NHNHOME/26msit001_A/BASE/edge_ai_lab/minseong/.tmp/tgt_smoke_712766/aligned (dtype=torch.float32)
2026-09-19 17:33:47,072 [INFO] [AsFT] built 10 alignment directions on cuda (0.00 GiB, dtype=torch.bfloat16)
2026-09-19 17:33:47,095 [INFO] [AsFT] ‖V‖_F range: [0.6307, 0.9057] mean=0.7428
2026-09-19 17:33:47,286 [INFO] [AsFT-full] regularizer 연결: 10 개 weight, λ=1.0, W₀+V 저장 0.00 GiB on GPU
2026-09-19 17:33:47,286 [INFO] [AsFT-full] --train_only_targets: 학습 57,344 / 동결 4,120,896 (1.37% 학습)
2026-09-19 17:33:47,290 [INFO] [3/4] 다운스트림 'task' 로드 (/NHNHOME/26msit001_A/BASE/edge_ai_lab/minseong/.tmp/tgt_smoke_712766/task.json)
2026-09-19 17:33:47,318 [INFO] ✅ task train: 16 samples
2026-09-19 17:33:47,318 [INFO] [4/4] 학습 시작
2026-09-19 17:33:48,019 [INFO] [train] {'train_runtime': 0.4793, 'train_samples_per_second': 33.38, 'train_steps_per_second': 8.345, 'total_flos': 46601130240.0, 'train_loss': 10.401287078857422}
2026-09-19 17:33:48,021 [INFO] 최종 벌점 값: 7.051158e-04
2026-09-19 17:33:48,235 [INFO] 모델 저장
2026-09-19 17:33:48,297 [INFO] ✅ Saved to /NHNHOME/26msit001_A/BASE/edge_ai_lab/minseong/.tmp/tgt_smoke_712766/o_asft
2026-09-19 17:33:48,298 [INFO] ✅ AsFT (full-param) 완료
