2026-09-19 01:14:55,382 [INFO] ======================================================================
2026-09-19 01:14:55,383 [INFO]   ⚓ AsFT (full-parameter) — alignment-direction subspace penalty
2026-09-19 01:14:55,383 [INFO] ======================================================================
2026-09-19 01:14:55,383 [INFO] Log file: logs/asft_full_20260919_011455.log
2026-09-19 01:14:55,383 [INFO]    ├─ start / aligned (W₀) : /NHNHOME/26msit001_A/BASE/edge_ai_lab/minseong/.tmp/asft_full_smoke_183096/tiny-aligned
2026-09-19 01:14:55,383 [INFO]    ├─ base (for V)         : /NHNHOME/26msit001_A/BASE/edge_ai_lab/minseong/.tmp/asft_full_smoke_183096/tiny-base
2026-09-19 01:14:55,383 [INFO]    ├─ Input formatting     : base plain prompt
2026-09-19 01:14:55,383 [INFO]    ├─ λ = 0.0   targets = ['q_proj', 'k_proj', 'v_proj', 'up_proj', 'down_proj']
2026-09-19 01:14:55,383 [INFO]    ├─ Downstream           : /NHNHOME/26msit001_A/BASE/edge_ai_lab/minseong/.tmp/asft_full_smoke_183096/task.json
2026-09-19 01:14:55,383 [INFO]    ├─ lr 0.0001  epochs 1.0  eff.batch 4  wd 0.01
2026-09-19 01:14:55,383 [INFO]    └─ Output               : /NHNHOME/26msit001_A/BASE/edge_ai_lab/minseong/.tmp/asft_full_smoke_183096/out_lam0
2026-09-19 01:14:55,383 [INFO] [1/4] 토크나이저 로드
2026-09-19 01:14:55,498 [INFO] [2/4] 모델 로드 + alignment direction 구성
2026-09-19 01:14:56,477 [INFO] [AsFT] loading base   : /NHNHOME/26msit001_A/BASE/edge_ai_lab/minseong/.tmp/asft_full_smoke_183096/tiny-base (dtype=torch.float32)
2026-09-19 01:14:56,542 [INFO] [AsFT] loading aligned: /NHNHOME/26msit001_A/BASE/edge_ai_lab/minseong/.tmp/asft_full_smoke_183096/tiny-aligned (dtype=torch.float32)
2026-09-19 01:14:56,763 [INFO] [AsFT] built 10 alignment directions on cuda (0.00 GiB, dtype=torch.bfloat16)
2026-09-19 01:14:56,785 [INFO] [AsFT] ‖V‖_F range: [0.6307, 0.9057] mean=0.7428
2026-09-19 01:14:56,957 [INFO] [AsFT-full] regularizer 연결: 10 개 weight, λ=0.0, W₀+V 저장 0.00 GiB on GPU
2026-09-19 01:14:56,961 [INFO] [3/4] 다운스트림 'task' 로드 (/NHNHOME/26msit001_A/BASE/edge_ai_lab/minseong/.tmp/asft_full_smoke_183096/task.json)
2026-09-19 01:14:56,990 [INFO] ✅ task train: 24 samples
2026-09-19 01:14:56,990 [INFO] [4/4] 학습 시작
2026-09-19 01:14:57,668 [INFO] 최종 벌점 값: 0.000000e+00
2026-09-19 01:14:57,840 [INFO] 모델 저장
2026-09-19 01:14:57,909 [INFO] ✅ Saved to /NHNHOME/26msit001_A/BASE/edge_ai_lab/minseong/.tmp/asft_full_smoke_183096/out_lam0
2026-09-19 01:14:57,909 [INFO] ✅ AsFT (full-param) 완료
